// Jest Snapshot v1, https://goo.gl/fbAQLP

exports[`Flyout component Renders flyout component 1`] = `
<ContextProvider
  value={
    Object {
      "comparedResult1": Object {},
      "comparedResult2": Object {},
      "documentsIndexes": Array [],
      "selectedIndex1": "",
      "selectedIndex2": "",
      "setDocumentsIndexes": [Function],
      "setSelectedIndex1": [Function],
      "setSelectedIndex2": [Function],
      "setShowFlyout": [Function],
      "showFlyout": false,
      "updateComparedResult1": [Function],
      "updateComparedResult2": [Function],
    }
  }
>
  <Flyout />
</ContextProvider>
`;
