// Jest Snapshot v1, https://goo.gl/fbAQLP

exports[`Flyout component Renders flyout component 1`] = `
<IntlProvider
  defaultLocale="en"
  formats={
    Object {
      "date": Object {
        "full": Object {
          "day": "numeric",
          "month": "long",
          "weekday": "long",
          "year": "numeric",
        },
        "long": Object {
          "day": "numeric",
          "month": "long",
          "year": "numeric",
        },
        "medium": Object {
          "day": "numeric",
          "month": "short",
          "year": "numeric",
        },
        "short": Object {
          "day": "numeric",
          "month": "numeric",
          "year": "2-digit",
        },
      },
      "number": Object {
        "currency": Object {
          "style": "currency",
        },
        "percent": Object {
          "style": "percent",
        },
      },
      "relative": Object {
        "days": Object {
          "units": "day",
        },
        "hours": Object {
          "units": "hour",
        },
        "minutes": Object {
          "units": "minute",
        },
        "months": Object {
          "units": "month",
        },
        "seconds": Object {
          "units": "second",
        },
        "years": Object {
          "units": "year",
        },
      },
      "time": Object {
        "full": Object {
          "hour": "numeric",
          "minute": "numeric",
          "second": "numeric",
          "timeZoneName": "short",
        },
        "long": Object {
          "hour": "numeric",
          "minute": "numeric",
          "second": "numeric",
          "timeZoneName": "short",
        },
        "medium": Object {
          "hour": "numeric",
          "minute": "numeric",
          "second": "numeric",
        },
        "short": Object {
          "hour": "numeric",
          "minute": "numeric",
        },
      },
    }
  }
  locale="en"
  messages={Object {}}
  textComponent={Symbol(react.fragment)}
>
  <PseudoLocaleWrapper>
    <SearchRelevanceContextProvider>
      <Flyout />
    </SearchRelevanceContextProvider>
  </PseudoLocaleWrapper>
</IntlProvider>
`;
