// Jest Snapshot v1, https://goo.gl/fbAQLP

exports[`Header component Renders header component 1`] = `
<Header>
  <EuiPanel
    borderRadius="none"
    grow={false}
    hasBorder={false}
    hasShadow={false}
    style={
      Object {
        "borderBottom": "1px solid #D3DAE6",
      }
    }
  >
    <div
      className="euiPanel euiPanel--paddingMedium euiPanel--borderRadiusNone euiPanel--plain euiPanel--noShadow euiPanel--noBorder euiPanel--flexGrowZero"
      style={
        Object {
          "borderBottom": "1px solid #D3DAE6",
        }
      }
    >
      <EuiPageHeader
        pageTitle="Compare search results"
      >
        <header
          className="euiPageHeader euiPageHeader--responsive euiPageHeader--center"
        >
          <EuiPageHeaderContent
            pageTitle="Compare search results"
            responsive={true}
          >
            <div
              className="euiPageHeaderContent"
            >
              <EuiFlexGroup
                alignItems="flexStart"
                className="euiPageHeaderContent__top"
                gutterSize="l"
                responsive={true}
              >
                <div
                  className="euiFlexGroup euiFlexGroup--gutterLarge euiFlexGroup--alignItemsFlexStart euiFlexGroup--directionRow euiFlexGroup--responsive euiPageHeaderContent__top"
                >
                  <EuiFlexItem>
                    <div
                      className="euiFlexItem"
                    >
                      <EuiTitle
                        size="l"
                      >
                        <h1
                          className="euiTitle euiTitle--large"
                        >
                          Compare search results
                        </h1>
                      </EuiTitle>
                    </div>
                  </EuiFlexItem>
                </div>
              </EuiFlexGroup>
              <div
                className="euiPageHeaderContent__bottom"
              >
                <EuiSpacer>
                  <div
                    className="euiSpacer euiSpacer--l"
                  />
                </EuiSpacer>
                <EuiCallOut
                  iconType="iInCircle"
                >
                  <div
                    className="euiCallOut euiCallOut--primary"
                  >
                    <EuiText
                      color="default"
                      size="s"
                    >
                      <div
                        className="euiText euiText--small"
                      >
                        <EuiTextColor
                          color="default"
                          component="div"
                        >
                          <div
                            className="euiTextColor euiTextColor--default"
                          >
                            <EuiText>
                              <div
                                className="euiText euiText--medium"
                              >
                                <p>
                                  Compare results using the same search text with different queries. For more information, see the
                                   
                                  <EuiLink
                                    href="https://opensearch.org/docs/latest/search-plugins/search-relevance"
                                    target="_blank"
                                  >
                                    <a
                                      className="euiLink euiLink--primary"
                                      href="https://opensearch.org/docs/latest/search-plugins/search-relevance"
                                      rel="noopener noreferrer"
                                      target="_blank"
                                    >
                                      Compare Search Results Documentation
                                      <EuiIcon
                                        aria-label="External link"
                                        className="euiLink__externalIcon"
                                        size="s"
                                        type="popout"
                                      >
                                        <EuiIconEmpty
                                          aria-hidden={true}
                                          aria-label="External link"
                                          className="euiIcon euiIcon--small euiIcon-isLoading euiLink__externalIcon"
                                          focusable="false"
                                          role="img"
                                          style={null}
                                        >
                                          <svg
                                            aria-hidden={true}
                                            aria-label="External link"
                                            className="euiIcon euiIcon--small euiIcon-isLoading euiLink__externalIcon"
                                            focusable="false"
                                            height={16}
                                            role="img"
                                            style={null}
                                            viewBox="0 0 16 16"
                                            width={16}
                                            xmlns="http://www.w3.org/2000/svg"
                                          />
                                        </EuiIconEmpty>
                                      </EuiIcon>
                                      <EuiScreenReaderOnly>
                                        <span
                                          className="euiScreenReaderOnly"
                                        >
                                          <EuiI18n
                                            default="(opens in a new tab or window)"
                                            token="euiLink.newTarget.screenReaderOnlyText"
                                          >
                                            (opens in a new tab or window)
                                          </EuiI18n>
                                        </span>
                                      </EuiScreenReaderOnly>
                                    </a>
                                  </EuiLink>
                                  . To leave feedback, visit
                                   
                                  <EuiLink
                                    href="https://forum.opensearch.org/t/feedback-experimental-feature-compare-search-results/11331"
                                    target="_blank"
                                  >
                                    <a
                                      className="euiLink euiLink--primary"
                                      href="https://forum.opensearch.org/t/feedback-experimental-feature-compare-search-results/11331"
                                      rel="noopener noreferrer"
                                      target="_blank"
                                    >
                                      forums.opensearch.com
                                      <EuiIcon
                                        aria-label="External link"
                                        className="euiLink__externalIcon"
                                        size="s"
                                        type="popout"
                                      >
                                        <EuiIconEmpty
                                          aria-hidden={true}
                                          aria-label="External link"
                                          className="euiIcon euiIcon--small euiIcon-isLoading euiLink__externalIcon"
                                          focusable="false"
                                          role="img"
                                          style={null}
                                        >
                                          <svg
                                            aria-hidden={true}
                                            aria-label="External link"
                                            className="euiIcon euiIcon--small euiIcon-isLoading euiLink__externalIcon"
                                            focusable="false"
                                            height={16}
                                            role="img"
                                            style={null}
                                            viewBox="0 0 16 16"
                                            width={16}
                                            xmlns="http://www.w3.org/2000/svg"
                                          />
                                        </EuiIconEmpty>
                                      </EuiIcon>
                                      <EuiScreenReaderOnly>
                                        <span
                                          className="euiScreenReaderOnly"
                                        >
                                          <EuiI18n
                                            default="(opens in a new tab or window)"
                                            token="euiLink.newTarget.screenReaderOnlyText"
                                          >
                                            (opens in a new tab or window)
                                          </EuiI18n>
                                        </span>
                                      </EuiScreenReaderOnly>
                                    </a>
                                  </EuiLink>
                                  .
                                </p>
                              </div>
                            </EuiText>
                          </div>
                        </EuiTextColor>
                      </div>
                    </EuiText>
                  </div>
                </EuiCallOut>
              </div>
            </div>
          </EuiPageHeaderContent>
        </header>
      </EuiPageHeader>
    </div>
  </EuiPanel>
</Header>
`;
