// Jest Snapshot v1, https://goo.gl/fbAQLP

exports[`Header component Renders header component 1`] = `
<I18nProvider>
  <EuiPanel
    borderRadius="none"
    color="transparent"
    grow={false}
    hasBorder={false}
    hasShadow={false}
  >
    <EuiTitle>
      <h1>
        <FormattedMessage
          defaultMessage="Compare search results"
          id="searchRelevance.header.title"
          values={Object {}}
        />
      </h1>
    </EuiTitle>
    <EuiText>
      <p>
        <FormattedMessage
          defaultMessage="Compare results using the same search text with different queries. {learnMoreLink}"
          id="searchRelevance.header.description"
          values={
            Object {
              "learnMoreLink": <EuiLink
                href="https://opensearch.org/docs/latest/search-plugins/search-relevance"
                target="_blank"
              >
                <FormattedMessage
                  defaultMessage="Learn more"
                  id="searchRelevance.header.description.learnMoreLinkLabel"
                  values={Object {}}
                />
              </EuiLink>,
            }
          }
        />
      </p>
    </EuiText>
  </EuiPanel>
</I18nProvider>
`;
