// Jest Snapshot v1, https://goo.gl/fbAQLP

exports[`Create index component Renders create index component 1`] = `
<CreateIndex
  application={
    Object {
      "navigateToApp": [MockFunction],
    }
  }
  chrome={
    Object {
      "navGroup": Object {
        "getNavGroupEnabled": [MockFunction] {
          "calls": Array [
            Array [],
          ],
          "results": Array [
            Object {
              "type": "return",
              "value": false,
            },
          ],
        },
      },
    }
  }
>
  <Header>
    <EuiPanel
      borderRadius="none"
      color="transparent"
      grow={false}
      hasBorder={false}
      hasShadow={false}
    >
      <div
        className="euiPanel euiPanel--paddingMedium euiPanel--borderRadiusNone euiPanel--transparent euiPanel--noShadow euiPanel--noBorder euiPanel--flexGrowZero"
      >
        <EuiTitle>
          <h1
            className="euiTitle euiTitle--medium"
          >
            Search Relevance Workbench
          </h1>
        </EuiTitle>
        <EuiText>
          <div
            className="euiText euiText--medium"
          >
            <p>
              Compare/Evaluate results using the same search text with different queries.
               
              <EuiLink
                href="https://opensearch.org/docs/latest/search-plugins/search-relevance"
                target="_blank"
              >
                <a
                  className="euiLink euiLink--primary"
                  href="https://opensearch.org/docs/latest/search-plugins/search-relevance"
                  rel="noopener noreferrer"
                  target="_blank"
                >
                  Learn more
                  <EuiIcon
                    aria-label="External link"
                    className="euiLink__externalIcon"
                    size="s"
                    type="popout"
                  >
                    <EuiIconBeaker
                      aria-hidden={true}
                      aria-label="External link"
                      className="euiIcon euiIcon--small euiIcon-isLoading euiLink__externalIcon"
                      focusable="false"
                      role="img"
                      style={null}
                    >
                      <svg
                        aria-hidden={true}
                        aria-label="External link"
                        className="euiIcon euiIcon--small euiIcon-isLoading euiLink__externalIcon"
                        focusable="false"
                        height={16}
                        role="img"
                        style={null}
                        viewBox="0 0 16 16"
                        width={16}
                        xmlns="http://www.w3.org/2000/svg"
                      >
                        <path
                          d="M5.277 10.088c.02.014.04.03.057.047.582.55 1.134.812 1.666.812.586 0 1.84-.293 3.713-.88L9 6.212V2H7v4.212l-1.723 3.876Zm-.438.987L3.539 14h8.922l-1.32-2.969C9.096 11.677 7.733 12 7 12c-.74 0-1.463-.315-2.161-.925ZM6 2H5V1h6v1h-1v4l3.375 7.594A1 1 0 0 1 12.461 15H3.54a1 1 0 0 1-.914-1.406L6 6V2Z"
                        />
                      </svg>
                    </EuiIconBeaker>
                  </EuiIcon>
                  <EuiScreenReaderOnly>
                    <span
                      className="euiScreenReaderOnly"
                    >
                      <EuiI18n
                        default="(opens in a new tab or window)"
                        token="euiLink.newTarget.screenReaderOnlyText"
                      >
                        (opens in a new tab or window)
                      </EuiI18n>
                    </span>
                  </EuiScreenReaderOnly>
                </a>
              </EuiLink>
            </p>
          </div>
        </EuiText>
      </div>
    </EuiPanel>
  </Header>
  <EuiPageBody>
    <div
      className="euiPageBody euiPageBody--borderRadiusNone"
    >
      <EuiEmptyPrompt
        body={
          <p>
            Before you can query data, you need to index it.
             
            <EuiLink
              href="https://opensearch.org/docs/latest/opensearch/index-data/"
              target="_blank"
            >
              Learn how to index your data
            </EuiLink>
            , or
             
            <EuiLink
              href="/app/home#/tutorial_directory"
            >
              add sample data
            </EuiLink>
             
            to OpenSearch Dashboards.
          </p>
        }
        title={
          <h2>
            Create an index to start comparing search results. 
          </h2>
        }
      >
        <div
          className="euiEmptyPrompt"
        >
          <EuiTitle
            size="m"
          >
            <h2
              className="euiTitle euiTitle--medium"
            >
              Create an index to start comparing search results. 
            </h2>
          </EuiTitle>
          <EuiTextColor
            color="subdued"
          >
            <span
              className="euiTextColor euiTextColor--subdued"
            >
              <EuiSpacer
                size="m"
              >
                <div
                  className="euiSpacer euiSpacer--m"
                />
              </EuiSpacer>
              <EuiText>
                <div
                  className="euiText euiText--medium"
                >
                  <p>
                    Before you can query data, you need to index it.
                     
                    <EuiLink
                      href="https://opensearch.org/docs/latest/opensearch/index-data/"
                      target="_blank"
                    >
                      <a
                        className="euiLink euiLink--primary"
                        href="https://opensearch.org/docs/latest/opensearch/index-data/"
                        rel="noopener noreferrer"
                        target="_blank"
                      >
                        Learn how to index your data
                        <EuiIcon
                          aria-label="External link"
                          className="euiLink__externalIcon"
                          size="s"
                          type="popout"
                        >
                          <EuiIconBeaker
                            aria-hidden={true}
                            aria-label="External link"
                            className="euiIcon euiIcon--small euiIcon-isLoading euiLink__externalIcon"
                            focusable="false"
                            role="img"
                            style={null}
                          >
                            <svg
                              aria-hidden={true}
                              aria-label="External link"
                              className="euiIcon euiIcon--small euiIcon-isLoading euiLink__externalIcon"
                              focusable="false"
                              height={16}
                              role="img"
                              style={null}
                              viewBox="0 0 16 16"
                              width={16}
                              xmlns="http://www.w3.org/2000/svg"
                            >
                              <path
                                d="M5.277 10.088c.02.014.04.03.057.047.582.55 1.134.812 1.666.812.586 0 1.84-.293 3.713-.88L9 6.212V2H7v4.212l-1.723 3.876Zm-.438.987L3.539 14h8.922l-1.32-2.969C9.096 11.677 7.733 12 7 12c-.74 0-1.463-.315-2.161-.925ZM6 2H5V1h6v1h-1v4l3.375 7.594A1 1 0 0 1 12.461 15H3.54a1 1 0 0 1-.914-1.406L6 6V2Z"
                              />
                            </svg>
                          </EuiIconBeaker>
                        </EuiIcon>
                        <EuiScreenReaderOnly>
                          <span
                            className="euiScreenReaderOnly"
                          >
                            <EuiI18n
                              default="(opens in a new tab or window)"
                              token="euiLink.newTarget.screenReaderOnlyText"
                            >
                              (opens in a new tab or window)
                            </EuiI18n>
                          </span>
                        </EuiScreenReaderOnly>
                      </a>
                    </EuiLink>
                    , or
                     
                    <EuiLink
                      href="/app/home#/tutorial_directory"
                    >
                      <a
                        className="euiLink euiLink--primary"
                        href="/app/home#/tutorial_directory"
                        rel="noreferrer"
                      >
                        add sample data
                      </a>
                    </EuiLink>
                     
                    to OpenSearch Dashboards.
                  </p>
                </div>
              </EuiText>
            </span>
          </EuiTextColor>
        </div>
      </EuiEmptyPrompt>
    </div>
  </EuiPageBody>
</CreateIndex>
`;
